-- The C compiler identification is GNU 11.4.0
-- The CXX compiler identification is GNU 11.4.0
-- Detecting C compiler ABI info
-- Detecting C compiler ABI info - done
-- Check for working C compiler: /usr/bin/cc - skipped
-- Detecting C compile features
-- Detecting C compile features - done
-- Detecting CXX compiler ABI info
-- Detecting CXX compiler ABI info - done
-- Check for working CXX compiler: /usr/bin/c++ - skipped
-- Detecting CXX compile features
-- Detecting CXX compile features - done
-- Found ament_cmake: 1.3.12 (/opt/ros/humble/share/ament_cmake/cmake)
-- Found Python3: /usr/bin/python3 (found version "3.10.12") found components: Interpreter 
-- Found ament_index_cpp: 1.4.0 (/opt/ros/humble/share/ament_index_cpp/cmake)
-- Found rclcpp: 16.0.14 (/opt/ros/humble/share/rclcpp/cmake)
-- Found rosidl_generator_c: 3.1.7 (/opt/ros/humble/share/rosidl_generator_c/cmake)
-- Found rosidl_adapter: 3.1.7 (/opt/ros/humble/share/rosidl_adapter/cmake)
-- Found rosidl_generator_cpp: 3.1.7 (/opt/ros/humble/share/rosidl_generator_cpp/cmake)
-- Using all available rosidl_typesupport_c: rosidl_typesupport_fastrtps_c;rosidl_typesupport_introspection_c
-- Using all available rosidl_typesupport_cpp: rosidl_typesupport_fastrtps_cpp;rosidl_typesupport_introspection_cpp
-- Found rmw_implementation_cmake: 6.1.2 (/opt/ros/humble/share/rmw_implementation_cmake/cmake)
-- Found rmw_cyclonedds_cpp: 1.3.4 (/opt/ros/humble/share/rmw_cyclonedds_cpp/cmake)
-- Using RMW implementation 'rmw_cyclonedds_cpp' as default
-- Looking for pthread.h
-- Looking for pthread.h - found
-- Performing Test CMAKE_HAVE_LIBC_PTHREAD
-- Performing Test CMAKE_HAVE_LIBC_PTHREAD - Success
-- Found Threads: TRUE  
-- Found geometry_msgs: 4.9.0 (/opt/ros/humble/share/geometry_msgs/cmake)
-- Found sensor_msgs: 4.9.0 (/opt/ros/humble/share/sensor_msgs/cmake)
-- Found std_srvs: 4.9.0 (/opt/ros/humble/share/std_srvs/cmake)
-- Found joy_linux: 3.3.0 (/opt/ros/humble/share/joy_linux/cmake)
-- Found rclpy: 3.3.17 (/opt/ros/humble/share/rclpy/cmake)
-- Found ament_lint_auto: 0.12.14 (/opt/ros/humble/share/ament_lint_auto/cmake)
-- Configuring done
-- Generating done
-- Build files have been written to: /home/fbot/fbot_ws/src/joy2twist/build/joy2twist
[ 33%] [32mBuilding CXX object CMakeFiles/joy2twist.dir/src/joy2twist_node.cpp.o[0m
[ 66%] [32mBuilding CXX object CMakeFiles/joy2twist.dir/src/main.cpp.o[0m
[ 66%] Built target ament_cmake_python_copy_joy2twist
running egg_info
creating joy2twist.egg-info
writing joy2twist.egg-info/PKG-INFO
writing dependency_links to joy2twist.egg-info/dependency_links.txt
writing top-level names to joy2twist.egg-info/top_level.txt
writing manifest file 'joy2twist.egg-info/SOURCES.txt'
reading manifest file 'joy2twist.egg-info/SOURCES.txt'
writing manifest file 'joy2twist.egg-info/SOURCES.txt'
[ 66%] Built target ament_cmake_python_build_joy2twist_egg
[100%] [32m[1mLinking CXX executable joy2twist[0m
[100%] Built target joy2twist
-- Install configuration: ""
-- Installing: /home/fbot/fbot_ws/src/joy2twist/install/joy2twist/lib/joy2twist/joy2twist
-- Set runtime path of "/home/fbot/fbot_ws/src/joy2twist/install/joy2twist/lib/joy2twist/joy2twist" to ""
-- Installing: /home/fbot/fbot_ws/src/joy2twist/install/joy2twist/share/joy2twist//launch
-- Installing: /home/fbot/fbot_ws/src/joy2twist/install/joy2twist/share/joy2twist//launch/__pycache__
-- Installing: /home/fbot/fbot_ws/src/joy2twist/install/joy2twist/share/joy2twist//launch/__pycache__/joy2twist.launch.cpython-310.pyc
-- Installing: /home/fbot/fbot_ws/src/joy2twist/install/joy2twist/share/joy2twist//launch/__pycache__/gamepad_controller.launch.cpython-310.pyc
-- Installing: /home/fbot/fbot_ws/src/joy2twist/install/joy2twist/share/joy2twist//launch/gamepad_controller.launch.py
-- Installing: /home/fbot/fbot_ws/src/joy2twist/install/joy2twist/share/joy2twist//launch/speech_head_controller.launch.py
-- Installing: /home/fbot/fbot_ws/src/joy2twist/install/joy2twist/share/joy2twist//launch/joy2twist.launch.py
-- Installing: /home/fbot/fbot_ws/src/joy2twist/install/joy2twist/share/joy2twist//config
-- Installing: /home/fbot/fbot_ws/src/joy2twist/install/joy2twist/share/joy2twist//config/joyinterface.yaml
-- Installing: /home/fbot/fbot_ws/src/joy2twist/install/joy2twist/share/joy2twist//config/joy2twist_ugv.yaml
-- Installing: /home/fbot/fbot_ws/src/joy2twist/install/joy2twist/share/joy2twist//config/joy2twist.yaml
-- Installing: /home/fbot/fbot_ws/src/joy2twist/install/joy2twist/share/joy2twist/environment/pythonpath.sh
-- Installing: /home/fbot/fbot_ws/src/joy2twist/install/joy2twist/share/joy2twist/environment/pythonpath.dsv
-- Installing: /home/fbot/fbot_ws/src/joy2twist/install/joy2twist/local/lib/python3.10/dist-packages/joy2twist-1.0.0-py3.10.egg-info
-- Installing: /home/fbot/fbot_ws/src/joy2twist/install/joy2twist/local/lib/python3.10/dist-packages/joy2twist-1.0.0-py3.10.egg-info/top_level.txt
-- Installing: /home/fbot/fbot_ws/src/joy2twist/install/joy2twist/local/lib/python3.10/dist-packages/joy2twist-1.0.0-py3.10.egg-info/SOURCES.txt
-- Installing: /home/fbot/fbot_ws/src/joy2twist/install/joy2twist/local/lib/python3.10/dist-packages/joy2twist-1.0.0-py3.10.egg-info/dependency_links.txt
-- Installing: /home/fbot/fbot_ws/src/joy2twist/install/joy2twist/local/lib/python3.10/dist-packages/joy2twist-1.0.0-py3.10.egg-info/PKG-INFO
-- Installing: /home/fbot/fbot_ws/src/joy2twist/install/joy2twist/local/lib/python3.10/dist-packages/joy2twist
-- Installing: /home/fbot/fbot_ws/src/joy2twist/install/joy2twist/local/lib/python3.10/dist-packages/joy2twist/__init__.py
Listing '/home/fbot/fbot_ws/src/joy2twist/install/joy2twist/local/lib/python3.10/dist-packages/joy2twist'...
Compiling '/home/fbot/fbot_ws/src/joy2twist/install/joy2twist/local/lib/python3.10/dist-packages/joy2twist/__init__.py'...
-- Installing: /home/fbot/fbot_ws/src/joy2twist/install/joy2twist/lib/joy2twist/joy_speech.py
-- Installing: /home/fbot/fbot_ws/src/joy2twist/install/joy2twist/lib/joy2twist/joy_speech_teste.py
-- Installing: /home/fbot/fbot_ws/src/joy2twist/install/joy2twist/share/ament_index/resource_index/package_run_dependencies/joy2twist
-- Installing: /home/fbot/fbot_ws/src/joy2twist/install/joy2twist/share/ament_index/resource_index/parent_prefix_path/joy2twist
-- Installing: /home/fbot/fbot_ws/src/joy2twist/install/joy2twist/share/joy2twist/environment/ament_prefix_path.sh
-- Installing: /home/fbot/fbot_ws/src/joy2twist/install/joy2twist/share/joy2twist/environment/ament_prefix_path.dsv
-- Installing: /home/fbot/fbot_ws/src/joy2twist/install/joy2twist/share/joy2twist/environment/path.sh
-- Installing: /home/fbot/fbot_ws/src/joy2twist/install/joy2twist/share/joy2twist/environment/path.dsv
-- Installing: /home/fbot/fbot_ws/src/joy2twist/install/joy2twist/share/joy2twist/local_setup.bash
-- Installing: /home/fbot/fbot_ws/src/joy2twist/install/joy2twist/share/joy2twist/local_setup.sh
-- Installing: /home/fbot/fbot_ws/src/joy2twist/install/joy2twist/share/joy2twist/local_setup.zsh
-- Installing: /home/fbot/fbot_ws/src/joy2twist/install/joy2twist/share/joy2twist/local_setup.dsv
-- Installing: /home/fbot/fbot_ws/src/joy2twist/install/joy2twist/share/joy2twist/package.dsv
-- Installing: /home/fbot/fbot_ws/src/joy2twist/install/joy2twist/share/ament_index/resource_index/packages/joy2twist
-- Installing: /home/fbot/fbot_ws/src/joy2twist/install/joy2twist/share/joy2twist/cmake/ament_cmake_export_include_directories-extras.cmake
-- Installing: /home/fbot/fbot_ws/src/joy2twist/install/joy2twist/share/joy2twist/cmake/joy2twistConfig.cmake
-- Installing: /home/fbot/fbot_ws/src/joy2twist/install/joy2twist/share/joy2twist/cmake/joy2twistConfig-version.cmake
-- Installing: /home/fbot/fbot_ws/src/joy2twist/install/joy2twist/share/joy2twist/package.xml
