[35m[1mConsolidate compiler generated dependencies of target joy2twist[0m
[100%] Built target joy2twist
[100%] Built target ament_cmake_python_copy_joy2twist
running egg_info
writing joy2twist.egg-info/PKG-INFO
writing dependency_links to joy2twist.egg-info/dependency_links.txt
writing top-level names to joy2twist.egg-info/top_level.txt
reading manifest file 'joy2twist.egg-info/SOURCES.txt'
writing manifest file 'joy2twist.egg-info/SOURCES.txt'
[100%] Built target ament_cmake_python_build_joy2twist_egg
-- Install configuration: ""
-- Up-to-date: /home/fbot/fbot_ws/src/joy2twist/install/joy2twist/lib/joy2twist/joy2twist
-- Up-to-date: /home/fbot/fbot_ws/src/joy2twist/install/joy2twist/share/joy2twist//launch
-- Up-to-date: /home/fbot/fbot_ws/src/joy2twist/install/joy2twist/share/joy2twist//launch/__pycache__
-- Up-to-date: /home/fbot/fbot_ws/src/joy2twist/install/joy2twist/share/joy2twist//launch/__pycache__/joy2twist.launch.cpython-310.pyc
-- Up-to-date: /home/fbot/fbot_ws/src/joy2twist/install/joy2twist/share/joy2twist//launch/__pycache__/gamepad_controller.launch.cpython-310.pyc
-- Up-to-date: /home/fbot/fbot_ws/src/joy2twist/install/joy2twist/share/joy2twist//launch/gamepad_controller.launch.py
-- Up-to-date: /home/fbot/fbot_ws/src/joy2twist/install/joy2twist/share/joy2twist//launch/speech_head_controller.launch.py
-- Up-to-date: /home/fbot/fbot_ws/src/joy2twist/install/joy2twist/share/joy2twist//launch/joy2twist.launch.py
-- Up-to-date: /home/fbot/fbot_ws/src/joy2twist/install/joy2twist/share/joy2twist//config
-- Up-to-date: /home/fbot/fbot_ws/src/joy2twist/install/joy2twist/share/joy2twist//config/joyinterface.yaml
-- Up-to-date: /home/fbot/fbot_ws/src/joy2twist/install/joy2twist/share/joy2twist//config/joy2twist_ugv.yaml
-- Up-to-date: /home/fbot/fbot_ws/src/joy2twist/install/joy2twist/share/joy2twist//config/joy2twist.yaml
-- Up-to-date: /home/fbot/fbot_ws/src/joy2twist/install/joy2twist/share/joy2twist/environment/pythonpath.sh
-- Up-to-date: /home/fbot/fbot_ws/src/joy2twist/install/joy2twist/share/joy2twist/environment/pythonpath.dsv
-- Up-to-date: /home/fbot/fbot_ws/src/joy2twist/install/joy2twist/local/lib/python3.10/dist-packages/joy2twist-1.0.0-py3.10.egg-info
-- Installing: /home/fbot/fbot_ws/src/joy2twist/install/joy2twist/local/lib/python3.10/dist-packages/joy2twist-1.0.0-py3.10.egg-info/top_level.txt
-- Installing: /home/fbot/fbot_ws/src/joy2twist/install/joy2twist/local/lib/python3.10/dist-packages/joy2twist-1.0.0-py3.10.egg-info/SOURCES.txt
-- Installing: /home/fbot/fbot_ws/src/joy2twist/install/joy2twist/local/lib/python3.10/dist-packages/joy2twist-1.0.0-py3.10.egg-info/dependency_links.txt
-- Installing: /home/fbot/fbot_ws/src/joy2twist/install/joy2twist/local/lib/python3.10/dist-packages/joy2twist-1.0.0-py3.10.egg-info/PKG-INFO
-- Up-to-date: /home/fbot/fbot_ws/src/joy2twist/install/joy2twist/local/lib/python3.10/dist-packages/joy2twist
-- Up-to-date: /home/fbot/fbot_ws/src/joy2twist/install/joy2twist/local/lib/python3.10/dist-packages/joy2twist/__init__.py
Listing '/home/fbot/fbot_ws/src/joy2twist/install/joy2twist/local/lib/python3.10/dist-packages/joy2twist'...
-- Installing: /home/fbot/fbot_ws/src/joy2twist/install/joy2twist/lib/joy2twist/joy_speech.py
-- Up-to-date: /home/fbot/fbot_ws/src/joy2twist/install/joy2twist/lib/joy2twist/joy_speech_teste.py
-- Up-to-date: /home/fbot/fbot_ws/src/joy2twist/install/joy2twist/share/ament_index/resource_index/package_run_dependencies/joy2twist
-- Up-to-date: /home/fbot/fbot_ws/src/joy2twist/install/joy2twist/share/ament_index/resource_index/parent_prefix_path/joy2twist
-- Up-to-date: /home/fbot/fbot_ws/src/joy2twist/install/joy2twist/share/joy2twist/environment/ament_prefix_path.sh
-- Up-to-date: /home/fbot/fbot_ws/src/joy2twist/install/joy2twist/share/joy2twist/environment/ament_prefix_path.dsv
-- Up-to-date: /home/fbot/fbot_ws/src/joy2twist/install/joy2twist/share/joy2twist/environment/path.sh
-- Up-to-date: /home/fbot/fbot_ws/src/joy2twist/install/joy2twist/share/joy2twist/environment/path.dsv
-- Up-to-date: /home/fbot/fbot_ws/src/joy2twist/install/joy2twist/share/joy2twist/local_setup.bash
-- Up-to-date: /home/fbot/fbot_ws/src/joy2twist/install/joy2twist/share/joy2twist/local_setup.sh
-- Up-to-date: /home/fbot/fbot_ws/src/joy2twist/install/joy2twist/share/joy2twist/local_setup.zsh
-- Up-to-date: /home/fbot/fbot_ws/src/joy2twist/install/joy2twist/share/joy2twist/local_setup.dsv
-- Installing: /home/fbot/fbot_ws/src/joy2twist/install/joy2twist/share/joy2twist/package.dsv
-- Up-to-date: /home/fbot/fbot_ws/src/joy2twist/install/joy2twist/share/ament_index/resource_index/packages/joy2twist
-- Up-to-date: /home/fbot/fbot_ws/src/joy2twist/install/joy2twist/share/joy2twist/cmake/ament_cmake_export_include_directories-extras.cmake
-- Up-to-date: /home/fbot/fbot_ws/src/joy2twist/install/joy2twist/share/joy2twist/cmake/joy2twistConfig.cmake
-- Up-to-date: /home/fbot/fbot_ws/src/joy2twist/install/joy2twist/share/joy2twist/cmake/joy2twistConfig-version.cmake
-- Up-to-date: /home/fbot/fbot_ws/src/joy2twist/install/joy2twist/share/joy2twist/package.xml
