[0.009s] Invoking command in '/home/fbot/fbot_ws/src/joy2twist/build/joy2twist': CMAKE_PREFIX_PATH=${CMAKE_PREFIX_PATH}:/home/fbot/fbot_ws/install/fbot_hri_bringup:/home/fbot/fbot_ws/install/interbotix_xs_modules:/home/fbot/fbot_ws/install/interbotix_perception_modules:/home/fbot/fbot_ws/install/interbotix_common_modules:/home/fbot/fbot_ws/install/fbot_world:/home/fbot/fbot_ws/install/fbot_vlm:/home/fbot/fbot_ws/install/fbot_speech:/home/fbot/fbot_ws/install/fbot_screen:/home/fbot/fbot_ws/install/fbot_recognition:/home/fbot/fbot_ws/install/fbot_manipulator_tools:/home/fbot/fbot_ws/install/fbot_head:/home/fbot/fbot_ws/install/fbot_bringup:/home/fbot/fbot_ws/install/fbot_behavior:/home/fbot/fbot_ws/install/fbot_agent:/home/fbot/fbot_ws/install/bno055:/opt/ros/humble /usr/bin/cmake --build /home/fbot/fbot_ws/src/joy2twist/build/joy2twist -- -j16 -l16
[0.042s] [35m[1mConsolidate compiler generated dependencies of target joy2twist[0m
[0.057s] [100%] Built target joy2twist
[0.057s] [100%] Built target ament_cmake_python_copy_joy2twist
[0.205s] running egg_info
[0.216s] writing joy2twist.egg-info/PKG-INFO
[0.217s] writing dependency_links to joy2twist.egg-info/dependency_links.txt
[0.217s] writing top-level names to joy2twist.egg-info/top_level.txt
[0.251s] reading manifest file 'joy2twist.egg-info/SOURCES.txt'
[0.252s] writing manifest file 'joy2twist.egg-info/SOURCES.txt'
[0.271s] [100%] Built target ament_cmake_python_build_joy2twist_egg
[0.279s] Invoked command in '/home/fbot/fbot_ws/src/joy2twist/build/joy2twist' returned '0': CMAKE_PREFIX_PATH=${CMAKE_PREFIX_PATH}:/home/fbot/fbot_ws/install/fbot_hri_bringup:/home/fbot/fbot_ws/install/interbotix_xs_modules:/home/fbot/fbot_ws/install/interbotix_perception_modules:/home/fbot/fbot_ws/install/interbotix_common_modules:/home/fbot/fbot_ws/install/fbot_world:/home/fbot/fbot_ws/install/fbot_vlm:/home/fbot/fbot_ws/install/fbot_speech:/home/fbot/fbot_ws/install/fbot_screen:/home/fbot/fbot_ws/install/fbot_recognition:/home/fbot/fbot_ws/install/fbot_manipulator_tools:/home/fbot/fbot_ws/install/fbot_head:/home/fbot/fbot_ws/install/fbot_bringup:/home/fbot/fbot_ws/install/fbot_behavior:/home/fbot/fbot_ws/install/fbot_agent:/home/fbot/fbot_ws/install/bno055:/opt/ros/humble /usr/bin/cmake --build /home/fbot/fbot_ws/src/joy2twist/build/joy2twist -- -j16 -l16
[0.285s] Invoking command in '/home/fbot/fbot_ws/src/joy2twist/build/joy2twist': CMAKE_PREFIX_PATH=${CMAKE_PREFIX_PATH}:/home/fbot/fbot_ws/install/fbot_hri_bringup:/home/fbot/fbot_ws/install/interbotix_xs_modules:/home/fbot/fbot_ws/install/interbotix_perception_modules:/home/fbot/fbot_ws/install/interbotix_common_modules:/home/fbot/fbot_ws/install/fbot_world:/home/fbot/fbot_ws/install/fbot_vlm:/home/fbot/fbot_ws/install/fbot_speech:/home/fbot/fbot_ws/install/fbot_screen:/home/fbot/fbot_ws/install/fbot_recognition:/home/fbot/fbot_ws/install/fbot_manipulator_tools:/home/fbot/fbot_ws/install/fbot_head:/home/fbot/fbot_ws/install/fbot_bringup:/home/fbot/fbot_ws/install/fbot_behavior:/home/fbot/fbot_ws/install/fbot_agent:/home/fbot/fbot_ws/install/bno055:/opt/ros/humble /usr/bin/cmake --install /home/fbot/fbot_ws/src/joy2twist/build/joy2twist
[0.291s] -- Install configuration: ""
[0.291s] -- Up-to-date: /home/fbot/fbot_ws/src/joy2twist/install/joy2twist/lib/joy2twist/joy2twist
[0.291s] -- Up-to-date: /home/fbot/fbot_ws/src/joy2twist/install/joy2twist/share/joy2twist//launch
[0.291s] -- Up-to-date: /home/fbot/fbot_ws/src/joy2twist/install/joy2twist/share/joy2twist//launch/__pycache__
[0.291s] -- Up-to-date: /home/fbot/fbot_ws/src/joy2twist/install/joy2twist/share/joy2twist//launch/__pycache__/joy2twist.launch.cpython-310.pyc
[0.292s] -- Up-to-date: /home/fbot/fbot_ws/src/joy2twist/install/joy2twist/share/joy2twist//launch/__pycache__/gamepad_controller.launch.cpython-310.pyc
[0.292s] -- Up-to-date: /home/fbot/fbot_ws/src/joy2twist/install/joy2twist/share/joy2twist//launch/gamepad_controller.launch.py
[0.292s] -- Up-to-date: /home/fbot/fbot_ws/src/joy2twist/install/joy2twist/share/joy2twist//launch/speech_head_controller.launch.py
[0.292s] -- Up-to-date: /home/fbot/fbot_ws/src/joy2twist/install/joy2twist/share/joy2twist//launch/joy2twist.launch.py
[0.292s] -- Up-to-date: /home/fbot/fbot_ws/src/joy2twist/install/joy2twist/share/joy2twist//config
[0.292s] -- Up-to-date: /home/fbot/fbot_ws/src/joy2twist/install/joy2twist/share/joy2twist//config/joyinterface.yaml
[0.292s] -- Up-to-date: /home/fbot/fbot_ws/src/joy2twist/install/joy2twist/share/joy2twist//config/joy2twist_ugv.yaml
[0.292s] -- Up-to-date: /home/fbot/fbot_ws/src/joy2twist/install/joy2twist/share/joy2twist//config/joy2twist.yaml
[0.292s] -- Up-to-date: /home/fbot/fbot_ws/src/joy2twist/install/joy2twist/share/joy2twist/environment/pythonpath.sh
[0.292s] -- Up-to-date: /home/fbot/fbot_ws/src/joy2twist/install/joy2twist/share/joy2twist/environment/pythonpath.dsv
[0.292s] -- Up-to-date: /home/fbot/fbot_ws/src/joy2twist/install/joy2twist/local/lib/python3.10/dist-packages/joy2twist-1.0.0-py3.10.egg-info
[0.292s] -- Installing: /home/fbot/fbot_ws/src/joy2twist/install/joy2twist/local/lib/python3.10/dist-packages/joy2twist-1.0.0-py3.10.egg-info/top_level.txt
[0.292s] -- Installing: /home/fbot/fbot_ws/src/joy2twist/install/joy2twist/local/lib/python3.10/dist-packages/joy2twist-1.0.0-py3.10.egg-info/SOURCES.txt
[0.292s] -- Installing: /home/fbot/fbot_ws/src/joy2twist/install/joy2twist/local/lib/python3.10/dist-packages/joy2twist-1.0.0-py3.10.egg-info/dependency_links.txt
[0.292s] -- Installing: /home/fbot/fbot_ws/src/joy2twist/install/joy2twist/local/lib/python3.10/dist-packages/joy2twist-1.0.0-py3.10.egg-info/PKG-INFO
[0.292s] -- Up-to-date: /home/fbot/fbot_ws/src/joy2twist/install/joy2twist/local/lib/python3.10/dist-packages/joy2twist
[0.292s] -- Up-to-date: /home/fbot/fbot_ws/src/joy2twist/install/joy2twist/local/lib/python3.10/dist-packages/joy2twist/__init__.py
[0.318s] Listing '/home/fbot/fbot_ws/src/joy2twist/install/joy2twist/local/lib/python3.10/dist-packages/joy2twist'...
[0.321s] -- Installing: /home/fbot/fbot_ws/src/joy2twist/install/joy2twist/lib/joy2twist/joy_speech.py
[0.321s] -- Up-to-date: /home/fbot/fbot_ws/src/joy2twist/install/joy2twist/lib/joy2twist/joy_speech_teste.py
[0.321s] -- Up-to-date: /home/fbot/fbot_ws/src/joy2twist/install/joy2twist/share/ament_index/resource_index/package_run_dependencies/joy2twist
[0.321s] -- Up-to-date: /home/fbot/fbot_ws/src/joy2twist/install/joy2twist/share/ament_index/resource_index/parent_prefix_path/joy2twist
[0.321s] -- Up-to-date: /home/fbot/fbot_ws/src/joy2twist/install/joy2twist/share/joy2twist/environment/ament_prefix_path.sh
[0.321s] -- Up-to-date: /home/fbot/fbot_ws/src/joy2twist/install/joy2twist/share/joy2twist/environment/ament_prefix_path.dsv
[0.321s] -- Up-to-date: /home/fbot/fbot_ws/src/joy2twist/install/joy2twist/share/joy2twist/environment/path.sh
[0.321s] -- Up-to-date: /home/fbot/fbot_ws/src/joy2twist/install/joy2twist/share/joy2twist/environment/path.dsv
[0.321s] -- Up-to-date: /home/fbot/fbot_ws/src/joy2twist/install/joy2twist/share/joy2twist/local_setup.bash
[0.321s] -- Up-to-date: /home/fbot/fbot_ws/src/joy2twist/install/joy2twist/share/joy2twist/local_setup.sh
[0.321s] -- Up-to-date: /home/fbot/fbot_ws/src/joy2twist/install/joy2twist/share/joy2twist/local_setup.zsh
[0.321s] -- Up-to-date: /home/fbot/fbot_ws/src/joy2twist/install/joy2twist/share/joy2twist/local_setup.dsv
[0.322s] -- Installing: /home/fbot/fbot_ws/src/joy2twist/install/joy2twist/share/joy2twist/package.dsv
[0.322s] -- Up-to-date: /home/fbot/fbot_ws/src/joy2twist/install/joy2twist/share/ament_index/resource_index/packages/joy2twist
[0.322s] -- Up-to-date: /home/fbot/fbot_ws/src/joy2twist/install/joy2twist/share/joy2twist/cmake/ament_cmake_export_include_directories-extras.cmake
[0.322s] -- Up-to-date: /home/fbot/fbot_ws/src/joy2twist/install/joy2twist/share/joy2twist/cmake/joy2twistConfig.cmake
[0.322s] -- Up-to-date: /home/fbot/fbot_ws/src/joy2twist/install/joy2twist/share/joy2twist/cmake/joy2twistConfig-version.cmake
[0.322s] -- Up-to-date: /home/fbot/fbot_ws/src/joy2twist/install/joy2twist/share/joy2twist/package.xml
[0.323s] Invoked command in '/home/fbot/fbot_ws/src/joy2twist/build/joy2twist' returned '0': CMAKE_PREFIX_PATH=${CMAKE_PREFIX_PATH}:/home/fbot/fbot_ws/install/fbot_hri_bringup:/home/fbot/fbot_ws/install/interbotix_xs_modules:/home/fbot/fbot_ws/install/interbotix_perception_modules:/home/fbot/fbot_ws/install/interbotix_common_modules:/home/fbot/fbot_ws/install/fbot_world:/home/fbot/fbot_ws/install/fbot_vlm:/home/fbot/fbot_ws/install/fbot_speech:/home/fbot/fbot_ws/install/fbot_screen:/home/fbot/fbot_ws/install/fbot_recognition:/home/fbot/fbot_ws/install/fbot_manipulator_tools:/home/fbot/fbot_ws/install/fbot_head:/home/fbot/fbot_ws/install/fbot_bringup:/home/fbot/fbot_ws/install/fbot_behavior:/home/fbot/fbot_ws/install/fbot_agent:/home/fbot/fbot_ws/install/bno055:/opt/ros/humble /usr/bin/cmake --install /home/fbot/fbot_ws/src/joy2twist/build/joy2twist
