[0.094s] [34mcolcon[0m [1;30mDEBUG[0m [32mCommand line arguments: ['/usr/bin/colcon', 'build'][0m
[0.094s] [34mcolcon[0m [1;30mDEBUG[0m [32mParsed command line arguments: Namespace(log_base=None, log_level=None, verb_name='build', build_base='build', install_base='install', merge_install=False, symlink_install=False, test_result_base=None, continue_on_error=False, executor='parallel', parallel_workers=16, event_handlers=None, ignore_user_meta=False, metas=['./colcon.meta'], base_paths=['.'], packages_ignore=None, packages_ignore_regex=None, paths=None, packages_up_to=None, packages_up_to_regex=None, packages_above=None, packages_above_and_dependencies=None, packages_above_depth=None, packages_select_by_dep=None, packages_skip_by_dep=None, packages_skip_up_to=None, packages_select_build_failed=False, packages_skip_build_finished=False, packages_select_test_failures=False, packages_skip_test_passed=False, packages_select=None, packages_skip=None, packages_select_regex=None, packages_skip_regex=None, packages_start=None, packages_end=None, allow_overriding=[], cmake_args=None, cmake_target=None, cmake_target_skip_unavailable=False, cmake_clean_cache=False, cmake_clean_first=False, cmake_force_configure=False, ament_cmake_args=None, catkin_cmake_args=None, catkin_skip_building_tests=False, verb_parser=<colcon_defaults.argument_parser.defaults.DefaultArgumentsDecorator object at 0x7bc132b6b3d0>, verb_extension=<colcon_core.verb.build.BuildVerb object at 0x7bc132b6ae30>, main=<bound method BuildVerb.main of <colcon_core.verb.build.BuildVerb object at 0x7bc132b6ae30>>)[0m
[0.128s] [34mcolcon.colcon_core.package_discovery[0m [1;30mLevel 1[0m discover_packages(colcon_meta) check parameters
[0.128s] [34mcolcon.colcon_core.package_discovery[0m [1;30mLevel 1[0m discover_packages(recursive) check parameters
[0.128s] [34mcolcon.colcon_core.package_discovery[0m [1;30mLevel 1[0m discover_packages(ignore) check parameters
[0.129s] [34mcolcon.colcon_core.package_discovery[0m [1;30mLevel 1[0m discover_packages(path) check parameters
[0.129s] [34mcolcon.colcon_core.package_discovery[0m [1;30mLevel 1[0m discover_packages(colcon_meta) discover
[0.129s] [34mcolcon.colcon_core.package_discovery[0m [1;30mLevel 1[0m discover_packages(recursive) discover
[0.129s] [34mcolcon.colcon_core.package_discovery[0m [1;30mINFO[0m Crawling recursively for packages in '/home/fbot/fbot_ws/src/joy2twist'
[0.129s] [34mcolcon.colcon_core.package_identification[0m [1;30mLevel 1[0m _identify(.) by extensions ['ignore', 'ignore_ament_install']
[0.129s] [34mcolcon.colcon_core.package_identification[0m [1;30mLevel 1[0m _identify(.) by extension 'ignore'
[0.129s] [34mcolcon.colcon_core.package_identification[0m [1;30mLevel 1[0m _identify(.) by extension 'ignore_ament_install'
[0.129s] [34mcolcon.colcon_core.package_identification[0m [1;30mLevel 1[0m _identify(.) by extensions ['colcon_pkg']
[0.129s] [34mcolcon.colcon_core.package_identification[0m [1;30mLevel 1[0m _identify(.) by extension 'colcon_pkg'
[0.129s] [34mcolcon.colcon_core.package_identification[0m [1;30mLevel 1[0m _identify(.) by extensions ['colcon_meta']
[0.129s] [34mcolcon.colcon_core.package_identification[0m [1;30mLevel 1[0m _identify(.) by extension 'colcon_meta'
[0.129s] [34mcolcon.colcon_core.package_identification[0m [1;30mLevel 1[0m _identify(.) by extensions ['ros']
[0.129s] [34mcolcon.colcon_core.package_identification[0m [1;30mLevel 1[0m _identify(.) by extension 'ros'
[0.144s] [34mcolcon.colcon_core.package_identification[0m [1;30mLevel 1[0m _identify(.) by extensions ['cmake', 'python']
[0.145s] [34mcolcon.colcon_core.package_identification[0m [1;30mLevel 1[0m _identify(.) by extension 'cmake'
[0.145s] [34mcolcon.colcon_core.package_identification[0m [1;30mLevel 1[0m _identify(.) by extension 'python'
[0.145s] [34mcolcon.colcon_core.package_identification[0m [1;30mLevel 1[0m _identify(.) by extensions ['python_setup_py']
[0.145s] [34mcolcon.colcon_core.package_identification[0m [1;30mLevel 1[0m _identify(.) by extension 'python_setup_py'
[0.145s] [34mcolcon.colcon_core.package_identification[0m [1;30mLevel 1[0m _identify(build) by extensions ['ignore', 'ignore_ament_install']
[0.145s] [34mcolcon.colcon_core.package_identification[0m [1;30mLevel 1[0m _identify(build) by extension 'ignore'
[0.145s] [34mcolcon.colcon_core.package_identification[0m [1;30mLevel 1[0m _identify(build) ignored
[0.145s] [34mcolcon.colcon_core.package_identification[0m [1;30mLevel 1[0m _identify(demo) by extensions ['ignore', 'ignore_ament_install']
[0.145s] [34mcolcon.colcon_core.package_identification[0m [1;30mLevel 1[0m _identify(demo) by extension 'ignore'
[0.145s] [34mcolcon.colcon_core.package_identification[0m [1;30mLevel 1[0m _identify(demo) by extension 'ignore_ament_install'
[0.145s] [34mcolcon.colcon_core.package_identification[0m [1;30mLevel 1[0m _identify(demo) by extensions ['colcon_pkg']
[0.145s] [34mcolcon.colcon_core.package_identification[0m [1;30mLevel 1[0m _identify(demo) by extension 'colcon_pkg'
[0.145s] [34mcolcon.colcon_core.package_identification[0m [1;30mLevel 1[0m _identify(demo) by extensions ['colcon_meta']
[0.145s] [34mcolcon.colcon_core.package_identification[0m [1;30mLevel 1[0m _identify(demo) by extension 'colcon_meta'
[0.145s] [34mcolcon.colcon_core.package_identification[0m [1;30mLevel 1[0m _identify(demo) by extensions ['ros']
[0.145s] [34mcolcon.colcon_core.package_identification[0m [1;30mLevel 1[0m _identify(demo) by extension 'ros'
[0.145s] [34mcolcon.colcon_core.package_identification[0m [1;30mLevel 1[0m _identify(demo) by extensions ['cmake', 'python']
[0.145s] [34mcolcon.colcon_core.package_identification[0m [1;30mLevel 1[0m _identify(demo) by extension 'cmake'
[0.145s] [34mcolcon.colcon_core.package_identification[0m [1;30mLevel 1[0m _identify(demo) by extension 'python'
[0.145s] [34mcolcon.colcon_core.package_identification[0m [1;30mLevel 1[0m _identify(demo) by extensions ['python_setup_py']
[0.145s] [34mcolcon.colcon_core.package_identification[0m [1;30mLevel 1[0m _identify(demo) by extension 'python_setup_py'
[0.145s] [34mcolcon.colcon_core.package_identification[0m [1;30mLevel 1[0m _identify(demo/multiple_robots) by extensions ['ignore', 'ignore_ament_install']
[0.145s] [34mcolcon.colcon_core.package_identification[0m [1;30mLevel 1[0m _identify(demo/multiple_robots) by extension 'ignore'
[0.145s] [34mcolcon.colcon_core.package_identification[0m [1;30mLevel 1[0m _identify(demo/multiple_robots) by extension 'ignore_ament_install'
[0.145s] [34mcolcon.colcon_core.package_identification[0m [1;30mLevel 1[0m _identify(demo/multiple_robots) by extensions ['colcon_pkg']
[0.145s] [34mcolcon.colcon_core.package_identification[0m [1;30mLevel 1[0m _identify(demo/multiple_robots) by extension 'colcon_pkg'
[0.145s] [34mcolcon.colcon_core.package_identification[0m [1;30mLevel 1[0m _identify(demo/multiple_robots) by extensions ['colcon_meta']
[0.145s] [34mcolcon.colcon_core.package_identification[0m [1;30mLevel 1[0m _identify(demo/multiple_robots) by extension 'colcon_meta'
[0.145s] [34mcolcon.colcon_core.package_identification[0m [1;30mLevel 1[0m _identify(demo/multiple_robots) by extensions ['ros']
[0.145s] [34mcolcon.colcon_core.package_identification[0m [1;30mLevel 1[0m _identify(demo/multiple_robots) by extension 'ros'
[0.145s] [34mcolcon.colcon_core.package_identification[0m [1;30mLevel 1[0m _identify(demo/multiple_robots) by extensions ['cmake', 'python']
[0.145s] [34mcolcon.colcon_core.package_identification[0m [1;30mLevel 1[0m _identify(demo/multiple_robots) by extension 'cmake'
[0.145s] [34mcolcon.colcon_core.package_identification[0m [1;30mLevel 1[0m _identify(demo/multiple_robots) by extension 'python'
[0.145s] [34mcolcon.colcon_core.package_identification[0m [1;30mLevel 1[0m _identify(demo/multiple_robots) by extensions ['python_setup_py']
[0.145s] [34mcolcon.colcon_core.package_identification[0m [1;30mLevel 1[0m _identify(demo/multiple_robots) by extension 'python_setup_py'
[0.145s] [34mcolcon.colcon_core.package_identification[0m [1;30mLevel 1[0m _identify(demo/single_robot) by extensions ['ignore', 'ignore_ament_install']
[0.146s] [34mcolcon.colcon_core.package_identification[0m [1;30mLevel 1[0m _identify(demo/single_robot) by extension 'ignore'
[0.146s] [34mcolcon.colcon_core.package_identification[0m [1;30mLevel 1[0m _identify(demo/single_robot) by extension 'ignore_ament_install'
[0.146s] [34mcolcon.colcon_core.package_identification[0m [1;30mLevel 1[0m _identify(demo/single_robot) by extensions ['colcon_pkg']
[0.146s] [34mcolcon.colcon_core.package_identification[0m [1;30mLevel 1[0m _identify(demo/single_robot) by extension 'colcon_pkg'
[0.146s] [34mcolcon.colcon_core.package_identification[0m [1;30mLevel 1[0m _identify(demo/single_robot) by extensions ['colcon_meta']
[0.146s] [34mcolcon.colcon_core.package_identification[0m [1;30mLevel 1[0m _identify(demo/single_robot) by extension 'colcon_meta'
[0.146s] [34mcolcon.colcon_core.package_identification[0m [1;30mLevel 1[0m _identify(demo/single_robot) by extensions ['ros']
[0.146s] [34mcolcon.colcon_core.package_identification[0m [1;30mLevel 1[0m _identify(demo/single_robot) by extension 'ros'
[0.146s] [34mcolcon.colcon_core.package_identification[0m [1;30mLevel 1[0m _identify(demo/single_robot) by extensions ['cmake', 'python']
[0.146s] [34mcolcon.colcon_core.package_identification[0m [1;30mLevel 1[0m _identify(demo/single_robot) by extension 'cmake'
[0.146s] [34mcolcon.colcon_core.package_identification[0m [1;30mLevel 1[0m _identify(demo/single_robot) by extension 'python'
[0.146s] [34mcolcon.colcon_core.package_identification[0m [1;30mLevel 1[0m _identify(demo/single_robot) by extensions ['python_setup_py']
[0.146s] [34mcolcon.colcon_core.package_identification[0m [1;30mLevel 1[0m _identify(demo/single_robot) by extension 'python_setup_py'
[0.146s] [34mcolcon.colcon_core.package_identification[0m [1;30mLevel 1[0m _identify(install) by extensions ['ignore', 'ignore_ament_install']
[0.146s] [34mcolcon.colcon_core.package_identification[0m [1;30mLevel 1[0m _identify(install) by extension 'ignore'
[0.146s] [34mcolcon.colcon_core.package_identification[0m [1;30mLevel 1[0m _identify(install) ignored
[0.146s] [34mcolcon.colcon_core.package_identification[0m [1;30mLevel 1[0m _identify(joy2twist) by extensions ['ignore', 'ignore_ament_install']
[0.146s] [34mcolcon.colcon_core.package_identification[0m [1;30mLevel 1[0m _identify(joy2twist) by extension 'ignore'
[0.146s] [34mcolcon.colcon_core.package_identification[0m [1;30mLevel 1[0m _identify(joy2twist) by extension 'ignore_ament_install'
[0.146s] [34mcolcon.colcon_core.package_identification[0m [1;30mLevel 1[0m _identify(joy2twist) by extensions ['colcon_pkg']
[0.146s] [34mcolcon.colcon_core.package_identification[0m [1;30mLevel 1[0m _identify(joy2twist) by extension 'colcon_pkg'
[0.146s] [34mcolcon.colcon_core.package_identification[0m [1;30mLevel 1[0m _identify(joy2twist) by extensions ['colcon_meta']
[0.146s] [34mcolcon.colcon_core.package_identification[0m [1;30mLevel 1[0m _identify(joy2twist) by extension 'colcon_meta'
[0.146s] [34mcolcon.colcon_core.package_identification[0m [1;30mLevel 1[0m _identify(joy2twist) by extensions ['ros']
[0.146s] [34mcolcon.colcon_core.package_identification[0m [1;30mLevel 1[0m _identify(joy2twist) by extension 'ros'
[0.148s] [34mcolcon.colcon_core.package_identification[0m [1;30mDEBUG[0m [32mPackage 'joy2twist' with type 'ros.ament_cmake' and name 'joy2twist'[0m
[0.148s] [34mcolcon.colcon_core.package_identification[0m [1;30mLevel 1[0m _identify(log) by extensions ['ignore', 'ignore_ament_install']
[0.148s] [34mcolcon.colcon_core.package_identification[0m [1;30mLevel 1[0m _identify(log) by extension 'ignore'
[0.148s] [34mcolcon.colcon_core.package_identification[0m [1;30mLevel 1[0m _identify(log) ignored
[0.148s] [34mcolcon.colcon_core.package_discovery[0m [1;30mLevel 1[0m discover_packages(recursive) using defaults
[0.148s] [34mcolcon.colcon_core.package_discovery[0m [1;30mLevel 1[0m discover_packages(ignore) discover
[0.148s] [34mcolcon.colcon_core.package_discovery[0m [1;30mLevel 1[0m discover_packages(ignore) using defaults
[0.148s] [34mcolcon.colcon_core.package_discovery[0m [1;30mLevel 1[0m discover_packages(path) discover
[0.148s] [34mcolcon.colcon_core.package_discovery[0m [1;30mLevel 1[0m discover_packages(path) using defaults
[0.160s] [34mcolcon.colcon_core.package_discovery[0m [1;30mLevel 1[0m discover_packages(prefix_path) check parameters
[0.160s] [34mcolcon.colcon_core.package_discovery[0m [1;30mLevel 1[0m discover_packages(prefix_path) discover
[0.163s] [34mcolcon.colcon_installed_package_information.package_discovery[0m [1;30mDEBUG[0m [32mFound 62 installed packages in /home/fbot/fbot_ws/install[0m
[0.164s] [34mcolcon.colcon_installed_package_information.package_discovery[0m [1;30mDEBUG[0m [32mFound 426 installed packages in /opt/ros/humble[0m
[0.165s] [34mcolcon.colcon_core.package_discovery[0m [1;30mLevel 1[0m discover_packages(prefix_path) using defaults
[0.215s] [34mcolcon.colcon_core.verb[0m [1;30mLevel 5[0m set package 'joy2twist' build argument 'cmake_args' from command line to 'None'
[0.215s] [34mcolcon.colcon_core.verb[0m [1;30mLevel 5[0m set package 'joy2twist' build argument 'cmake_target' from command line to 'None'
[0.215s] [34mcolcon.colcon_core.verb[0m [1;30mLevel 5[0m set package 'joy2twist' build argument 'cmake_target_skip_unavailable' from command line to 'False'
[0.215s] [34mcolcon.colcon_core.verb[0m [1;30mLevel 5[0m set package 'joy2twist' build argument 'cmake_clean_cache' from command line to 'False'
[0.215s] [34mcolcon.colcon_core.verb[0m [1;30mLevel 5[0m set package 'joy2twist' build argument 'cmake_clean_first' from command line to 'False'
[0.215s] [34mcolcon.colcon_core.verb[0m [1;30mLevel 5[0m set package 'joy2twist' build argument 'cmake_force_configure' from command line to 'False'
[0.215s] [34mcolcon.colcon_core.verb[0m [1;30mLevel 5[0m set package 'joy2twist' build argument 'ament_cmake_args' from command line to 'None'
[0.215s] [34mcolcon.colcon_core.verb[0m [1;30mLevel 5[0m set package 'joy2twist' build argument 'catkin_cmake_args' from command line to 'None'
[0.215s] [34mcolcon.colcon_core.verb[0m [1;30mLevel 5[0m set package 'joy2twist' build argument 'catkin_skip_building_tests' from command line to 'False'
[0.215s] [34mcolcon.colcon_core.verb[0m [1;30mDEBUG[0m [32mBuilding package 'joy2twist' with the following arguments: {'ament_cmake_args': None, 'build_base': '/home/fbot/fbot_ws/src/joy2twist/build/joy2twist', 'catkin_cmake_args': None, 'catkin_skip_building_tests': False, 'cmake_args': None, 'cmake_clean_cache': False, 'cmake_clean_first': False, 'cmake_force_configure': False, 'cmake_target': None, 'cmake_target_skip_unavailable': False, 'install_base': '/home/fbot/fbot_ws/src/joy2twist/install/joy2twist', 'merge_install': False, 'path': '/home/fbot/fbot_ws/src/joy2twist/joy2twist', 'symlink_install': False, 'test_result_base': None}[0m
[0.215s] [34mcolcon.colcon_core.executor[0m [1;30mINFO[0m Executing jobs using 'parallel' executor
[0.216s] [34mcolcon.colcon_parallel_executor.executor.parallel[0m [1;30mDEBUG[0m [32mrun_until_complete[0m
[0.216s] [34mcolcon.colcon_ros.task.ament_cmake.build[0m [1;30mINFO[0m Building ROS package in '/home/fbot/fbot_ws/src/joy2twist/joy2twist' with build type 'ament_cmake'
[0.216s] [34mcolcon.colcon_cmake.task.cmake.build[0m [1;30mINFO[0m Building CMake package in '/home/fbot/fbot_ws/src/joy2twist/joy2twist'
[0.219s] [34mcolcon.colcon_core.plugin_system[0m [1;30mINFO[0m Skipping extension 'colcon_core.shell.bat': Not used on non-Windows systems
[0.219s] [34mcolcon.colcon_core.shell[0m [1;30mINFO[0m Skip shell extension 'powershell' for command environment: Not usable outside of PowerShell
[0.219s] [34mcolcon.colcon_core.shell[0m [1;30mDEBUG[0m [32mSkip shell extension 'dsv' for command environment[0m
[0.226s] [34mcolcon.colcon_core.event_handler.log_command[0m [1;30mDEBUG[0m [32mInvoking command in '/home/fbot/fbot_ws/src/joy2twist/build/joy2twist': CMAKE_PREFIX_PATH=${CMAKE_PREFIX_PATH}:/home/fbot/fbot_ws/install/fbot_hri_bringup:/home/fbot/fbot_ws/install/interbotix_xs_modules:/home/fbot/fbot_ws/install/interbotix_perception_modules:/home/fbot/fbot_ws/install/interbotix_common_modules:/home/fbot/fbot_ws/install/fbot_world:/home/fbot/fbot_ws/install/fbot_vlm:/home/fbot/fbot_ws/install/fbot_speech:/home/fbot/fbot_ws/install/fbot_screen:/home/fbot/fbot_ws/install/fbot_recognition:/home/fbot/fbot_ws/install/fbot_manipulator_tools:/home/fbot/fbot_ws/install/fbot_head:/home/fbot/fbot_ws/install/fbot_bringup:/home/fbot/fbot_ws/install/fbot_behavior:/home/fbot/fbot_ws/install/fbot_agent:/home/fbot/fbot_ws/install/bno055:/opt/ros/humble /usr/bin/cmake /home/fbot/fbot_ws/src/joy2twist/joy2twist -DCMAKE_INSTALL_PREFIX=/home/fbot/fbot_ws/src/joy2twist/install/joy2twist[0m
[1.431s] [34mcolcon.colcon_core.event_handler.log_command[0m [1;30mDEBUG[0m [32mInvoked command in '/home/fbot/fbot_ws/src/joy2twist/build/joy2twist' returned '0': CMAKE_PREFIX_PATH=${CMAKE_PREFIX_PATH}:/home/fbot/fbot_ws/install/fbot_hri_bringup:/home/fbot/fbot_ws/install/interbotix_xs_modules:/home/fbot/fbot_ws/install/interbotix_perception_modules:/home/fbot/fbot_ws/install/interbotix_common_modules:/home/fbot/fbot_ws/install/fbot_world:/home/fbot/fbot_ws/install/fbot_vlm:/home/fbot/fbot_ws/install/fbot_speech:/home/fbot/fbot_ws/install/fbot_screen:/home/fbot/fbot_ws/install/fbot_recognition:/home/fbot/fbot_ws/install/fbot_manipulator_tools:/home/fbot/fbot_ws/install/fbot_head:/home/fbot/fbot_ws/install/fbot_bringup:/home/fbot/fbot_ws/install/fbot_behavior:/home/fbot/fbot_ws/install/fbot_agent:/home/fbot/fbot_ws/install/bno055:/opt/ros/humble /usr/bin/cmake /home/fbot/fbot_ws/src/joy2twist/joy2twist -DCMAKE_INSTALL_PREFIX=/home/fbot/fbot_ws/src/joy2twist/install/joy2twist[0m
[1.433s] [34mcolcon.colcon_core.event_handler.log_command[0m [1;30mDEBUG[0m [32mInvoking command in '/home/fbot/fbot_ws/src/joy2twist/build/joy2twist': CMAKE_PREFIX_PATH=${CMAKE_PREFIX_PATH}:/home/fbot/fbot_ws/install/fbot_hri_bringup:/home/fbot/fbot_ws/install/interbotix_xs_modules:/home/fbot/fbot_ws/install/interbotix_perception_modules:/home/fbot/fbot_ws/install/interbotix_common_modules:/home/fbot/fbot_ws/install/fbot_world:/home/fbot/fbot_ws/install/fbot_vlm:/home/fbot/fbot_ws/install/fbot_speech:/home/fbot/fbot_ws/install/fbot_screen:/home/fbot/fbot_ws/install/fbot_recognition:/home/fbot/fbot_ws/install/fbot_manipulator_tools:/home/fbot/fbot_ws/install/fbot_head:/home/fbot/fbot_ws/install/fbot_bringup:/home/fbot/fbot_ws/install/fbot_behavior:/home/fbot/fbot_ws/install/fbot_agent:/home/fbot/fbot_ws/install/bno055:/opt/ros/humble /usr/bin/cmake --build /home/fbot/fbot_ws/src/joy2twist/build/joy2twist -- -j16 -l16[0m
[8.363s] [34mcolcon.colcon_core.event_handler.log_command[0m [1;30mDEBUG[0m [32mInvoked command in '/home/fbot/fbot_ws/src/joy2twist/build/joy2twist' returned '0': CMAKE_PREFIX_PATH=${CMAKE_PREFIX_PATH}:/home/fbot/fbot_ws/install/fbot_hri_bringup:/home/fbot/fbot_ws/install/interbotix_xs_modules:/home/fbot/fbot_ws/install/interbotix_perception_modules:/home/fbot/fbot_ws/install/interbotix_common_modules:/home/fbot/fbot_ws/install/fbot_world:/home/fbot/fbot_ws/install/fbot_vlm:/home/fbot/fbot_ws/install/fbot_speech:/home/fbot/fbot_ws/install/fbot_screen:/home/fbot/fbot_ws/install/fbot_recognition:/home/fbot/fbot_ws/install/fbot_manipulator_tools:/home/fbot/fbot_ws/install/fbot_head:/home/fbot/fbot_ws/install/fbot_bringup:/home/fbot/fbot_ws/install/fbot_behavior:/home/fbot/fbot_ws/install/fbot_agent:/home/fbot/fbot_ws/install/bno055:/opt/ros/humble /usr/bin/cmake --build /home/fbot/fbot_ws/src/joy2twist/build/joy2twist -- -j16 -l16[0m
[8.371s] [34mcolcon.colcon_core.event_handler.log_command[0m [1;30mDEBUG[0m [32mInvoking command in '/home/fbot/fbot_ws/src/joy2twist/build/joy2twist': CMAKE_PREFIX_PATH=${CMAKE_PREFIX_PATH}:/home/fbot/fbot_ws/install/fbot_hri_bringup:/home/fbot/fbot_ws/install/interbotix_xs_modules:/home/fbot/fbot_ws/install/interbotix_perception_modules:/home/fbot/fbot_ws/install/interbotix_common_modules:/home/fbot/fbot_ws/install/fbot_world:/home/fbot/fbot_ws/install/fbot_vlm:/home/fbot/fbot_ws/install/fbot_speech:/home/fbot/fbot_ws/install/fbot_screen:/home/fbot/fbot_ws/install/fbot_recognition:/home/fbot/fbot_ws/install/fbot_manipulator_tools:/home/fbot/fbot_ws/install/fbot_head:/home/fbot/fbot_ws/install/fbot_bringup:/home/fbot/fbot_ws/install/fbot_behavior:/home/fbot/fbot_ws/install/fbot_agent:/home/fbot/fbot_ws/install/bno055:/opt/ros/humble /usr/bin/cmake --install /home/fbot/fbot_ws/src/joy2twist/build/joy2twist[0m
[8.411s] [34mcolcon.colcon_core.environment[0m [1;30mLevel 1[0m create_environment_scripts_only(joy2twist)
[8.411s] [34mcolcon.colcon_core.event_handler.log_command[0m [1;30mDEBUG[0m [32mInvoked command in '/home/fbot/fbot_ws/src/joy2twist/build/joy2twist' returned '0': CMAKE_PREFIX_PATH=${CMAKE_PREFIX_PATH}:/home/fbot/fbot_ws/install/fbot_hri_bringup:/home/fbot/fbot_ws/install/interbotix_xs_modules:/home/fbot/fbot_ws/install/interbotix_perception_modules:/home/fbot/fbot_ws/install/interbotix_common_modules:/home/fbot/fbot_ws/install/fbot_world:/home/fbot/fbot_ws/install/fbot_vlm:/home/fbot/fbot_ws/install/fbot_speech:/home/fbot/fbot_ws/install/fbot_screen:/home/fbot/fbot_ws/install/fbot_recognition:/home/fbot/fbot_ws/install/fbot_manipulator_tools:/home/fbot/fbot_ws/install/fbot_head:/home/fbot/fbot_ws/install/fbot_bringup:/home/fbot/fbot_ws/install/fbot_behavior:/home/fbot/fbot_ws/install/fbot_agent:/home/fbot/fbot_ws/install/bno055:/opt/ros/humble /usr/bin/cmake --install /home/fbot/fbot_ws/src/joy2twist/build/joy2twist[0m
[8.415s] [34mcolcon.colcon_core.environment[0m [1;30mLevel 1[0m checking '/home/fbot/fbot_ws/src/joy2twist/install/joy2twist' for CMake module files
[8.416s] [34mcolcon.colcon_core.environment[0m [1;30mLevel 1[0m checking '/home/fbot/fbot_ws/src/joy2twist/install/joy2twist' for CMake config files
[8.416s] [34mcolcon.colcon_core.shell[0m [1;30mLevel 1[0m create_environment_hook('joy2twist', 'cmake_prefix_path')
[8.416s] [34mcolcon.colcon_core.shell[0m [1;30mINFO[0m Creating environment hook '/home/fbot/fbot_ws/src/joy2twist/install/joy2twist/share/joy2twist/hook/cmake_prefix_path.ps1'
[8.417s] [34mcolcon.colcon_core.shell[0m [1;30mINFO[0m Creating environment descriptor '/home/fbot/fbot_ws/src/joy2twist/install/joy2twist/share/joy2twist/hook/cmake_prefix_path.dsv'
[8.417s] [34mcolcon.colcon_core.shell[0m [1;30mINFO[0m Creating environment hook '/home/fbot/fbot_ws/src/joy2twist/install/joy2twist/share/joy2twist/hook/cmake_prefix_path.sh'
[8.417s] [34mcolcon.colcon_core.environment[0m [1;30mLevel 1[0m checking '/home/fbot/fbot_ws/src/joy2twist/install/joy2twist/lib'
[8.418s] [34mcolcon.colcon_core.environment[0m [1;30mLevel 1[0m checking '/home/fbot/fbot_ws/src/joy2twist/install/joy2twist/bin'
[8.418s] [34mcolcon.colcon_core.environment[0m [1;30mLevel 1[0m checking '/home/fbot/fbot_ws/src/joy2twist/install/joy2twist/lib/pkgconfig/joy2twist.pc'
[8.418s] [34mcolcon.colcon_core.environment[0m [1;30mLevel 1[0m checking '/home/fbot/fbot_ws/src/joy2twist/install/joy2twist/lib/python3.10/site-packages'
[8.418s] [34mcolcon.colcon_core.environment[0m [1;30mLevel 1[0m checking '/home/fbot/fbot_ws/src/joy2twist/install/joy2twist/bin'
[8.418s] [34mcolcon.colcon_core.shell[0m [1;30mINFO[0m Creating package script '/home/fbot/fbot_ws/src/joy2twist/install/joy2twist/share/joy2twist/package.ps1'
[8.418s] [34mcolcon.colcon_core.shell[0m [1;30mINFO[0m Creating package descriptor '/home/fbot/fbot_ws/src/joy2twist/install/joy2twist/share/joy2twist/package.dsv'
[8.419s] [34mcolcon.colcon_core.shell[0m [1;30mINFO[0m Creating package script '/home/fbot/fbot_ws/src/joy2twist/install/joy2twist/share/joy2twist/package.sh'
[8.419s] [34mcolcon.colcon_core.shell[0m [1;30mINFO[0m Creating package script '/home/fbot/fbot_ws/src/joy2twist/install/joy2twist/share/joy2twist/package.bash'
[8.420s] [34mcolcon.colcon_core.shell[0m [1;30mINFO[0m Creating package script '/home/fbot/fbot_ws/src/joy2twist/install/joy2twist/share/joy2twist/package.zsh'
[8.420s] [34mcolcon.colcon_core.environment[0m [1;30mLevel 1[0m create_file_with_runtime_dependencies(/home/fbot/fbot_ws/src/joy2twist/install/joy2twist/share/colcon-core/packages/joy2twist)
[8.420s] [34mcolcon.colcon_core.environment[0m [1;30mLevel 1[0m create_environment_scripts_only(joy2twist)
[8.421s] [34mcolcon.colcon_core.environment[0m [1;30mLevel 1[0m checking '/home/fbot/fbot_ws/src/joy2twist/install/joy2twist' for CMake module files
[8.421s] [34mcolcon.colcon_core.environment[0m [1;30mLevel 1[0m checking '/home/fbot/fbot_ws/src/joy2twist/install/joy2twist' for CMake config files
[8.421s] [34mcolcon.colcon_core.shell[0m [1;30mLevel 1[0m create_environment_hook('joy2twist', 'cmake_prefix_path')
[8.421s] [34mcolcon.colcon_core.shell[0m [1;30mINFO[0m Creating environment hook '/home/fbot/fbot_ws/src/joy2twist/install/joy2twist/share/joy2twist/hook/cmake_prefix_path.ps1'
[8.421s] [34mcolcon.colcon_core.shell[0m [1;30mINFO[0m Creating environment descriptor '/home/fbot/fbot_ws/src/joy2twist/install/joy2twist/share/joy2twist/hook/cmake_prefix_path.dsv'
[8.421s] [34mcolcon.colcon_core.shell[0m [1;30mINFO[0m Creating environment hook '/home/fbot/fbot_ws/src/joy2twist/install/joy2twist/share/joy2twist/hook/cmake_prefix_path.sh'
[8.422s] [34mcolcon.colcon_core.environment[0m [1;30mLevel 1[0m checking '/home/fbot/fbot_ws/src/joy2twist/install/joy2twist/lib'
[8.422s] [34mcolcon.colcon_core.environment[0m [1;30mLevel 1[0m checking '/home/fbot/fbot_ws/src/joy2twist/install/joy2twist/bin'
[8.422s] [34mcolcon.colcon_core.environment[0m [1;30mLevel 1[0m checking '/home/fbot/fbot_ws/src/joy2twist/install/joy2twist/lib/pkgconfig/joy2twist.pc'
[8.422s] [34mcolcon.colcon_core.environment[0m [1;30mLevel 1[0m checking '/home/fbot/fbot_ws/src/joy2twist/install/joy2twist/lib/python3.10/site-packages'
[8.422s] [34mcolcon.colcon_core.environment[0m [1;30mLevel 1[0m checking '/home/fbot/fbot_ws/src/joy2twist/install/joy2twist/bin'
[8.422s] [34mcolcon.colcon_core.shell[0m [1;30mINFO[0m Creating package script '/home/fbot/fbot_ws/src/joy2twist/install/joy2twist/share/joy2twist/package.ps1'
[8.422s] [34mcolcon.colcon_core.shell[0m [1;30mINFO[0m Creating package descriptor '/home/fbot/fbot_ws/src/joy2twist/install/joy2twist/share/joy2twist/package.dsv'
[8.422s] [34mcolcon.colcon_core.shell[0m [1;30mINFO[0m Creating package script '/home/fbot/fbot_ws/src/joy2twist/install/joy2twist/share/joy2twist/package.sh'
[8.423s] [34mcolcon.colcon_core.shell[0m [1;30mINFO[0m Creating package script '/home/fbot/fbot_ws/src/joy2twist/install/joy2twist/share/joy2twist/package.bash'
[8.423s] [34mcolcon.colcon_core.shell[0m [1;30mINFO[0m Creating package script '/home/fbot/fbot_ws/src/joy2twist/install/joy2twist/share/joy2twist/package.zsh'
[8.423s] [34mcolcon.colcon_core.environment[0m [1;30mLevel 1[0m create_file_with_runtime_dependencies(/home/fbot/fbot_ws/src/joy2twist/install/joy2twist/share/colcon-core/packages/joy2twist)
[8.423s] [34mcolcon.colcon_parallel_executor.executor.parallel[0m [1;30mDEBUG[0m [32mclosing loop[0m
[8.423s] [34mcolcon.colcon_parallel_executor.executor.parallel[0m [1;30mDEBUG[0m [32mloop closed[0m
[8.423s] [34mcolcon.colcon_parallel_executor.executor.parallel[0m [1;30mDEBUG[0m [32mrun_until_complete finished with '0'[0m
[8.423s] [34mcolcon.colcon_core.event_reactor[0m [1;30mDEBUG[0m [32mjoining thread[0m
[8.427s] [34mcolcon.colcon_core.plugin_system[0m [1;30mINFO[0m Skipping extension 'colcon_notification.desktop_notification.terminal_notifier': Not used on non-Darwin systems
[8.427s] [34mcolcon.colcon_core.plugin_system[0m [1;30mINFO[0m Skipping extension 'colcon_notification.desktop_notification.win32': Not used on non-Windows systems
[8.427s] [34mcolcon.colcon_notification.desktop_notification[0m [1;30mINFO[0m Sending desktop notification using 'notify2'
[8.435s] [34mcolcon.colcon_core.event_reactor[0m [1;30mDEBUG[0m [32mjoined thread[0m
[8.436s] [34mcolcon.colcon_core.shell[0m [1;30mINFO[0m Creating prefix script '/home/fbot/fbot_ws/src/joy2twist/install/local_setup.ps1'
[8.437s] [34mcolcon.colcon_core.shell[0m [1;30mINFO[0m Creating prefix util module '/home/fbot/fbot_ws/src/joy2twist/install/_local_setup_util_ps1.py'
[8.438s] [34mcolcon.colcon_core.shell[0m [1;30mINFO[0m Creating prefix chain script '/home/fbot/fbot_ws/src/joy2twist/install/setup.ps1'
[8.440s] [34mcolcon.colcon_core.shell[0m [1;30mINFO[0m Creating prefix script '/home/fbot/fbot_ws/src/joy2twist/install/local_setup.sh'
[8.440s] [34mcolcon.colcon_core.shell[0m [1;30mINFO[0m Creating prefix util module '/home/fbot/fbot_ws/src/joy2twist/install/_local_setup_util_sh.py'
[8.441s] [34mcolcon.colcon_core.shell[0m [1;30mINFO[0m Creating prefix chain script '/home/fbot/fbot_ws/src/joy2twist/install/setup.sh'
[8.442s] [34mcolcon.colcon_core.shell[0m [1;30mINFO[0m Creating prefix script '/home/fbot/fbot_ws/src/joy2twist/install/local_setup.bash'
[8.442s] [34mcolcon.colcon_core.shell[0m [1;30mINFO[0m Creating prefix chain script '/home/fbot/fbot_ws/src/joy2twist/install/setup.bash'
[8.444s] [34mcolcon.colcon_core.shell[0m [1;30mINFO[0m Creating prefix script '/home/fbot/fbot_ws/src/joy2twist/install/local_setup.zsh'
[8.444s] [34mcolcon.colcon_core.shell[0m [1;30mINFO[0m Creating prefix chain script '/home/fbot/fbot_ws/src/joy2twist/install/setup.zsh'
